// Jest Snapshot v1, https://goo.gl/fbAQLP

exports[`should render correctly 1`] = `
<DocumentFragment>
  <div
    class="spinner"
    data-testid="spinner-test"
  >
    <img
      alt="Loading"
      data-testid="img"
      src="spinner.gif"
    />
  </div>
</DocumentFragment>
`;
